
> uwaci-pipe4-web@1.0.0 build
> vite build

[36mvite v8.2.2 [32mbuilding ssr environment for production...[36m[39m
transforming...
15:55:42 [vite-plugin-svelte] C:/Users/dicks/Downloads/uwac-mine/uwaci-pipe4-production-reference-v1.0/uwaci-pipe4-production-reference-v1.0/apps/web/src/lib/components/StateCard.svelte:4:10 It looks like you're using the `$state` rune, but there is a local binding called `state`. Referencing a local variable with a `$` prefix will create a store subscription. Please rename `state` to avoid the ambiguity
https://svelte.dev/e/store_rune_conflict
2:  import type { CurrentStatePresentation,StateValue } from '$lib/types/pipe4';
3:  type Props={state:CurrentStatePresentation;compact?:boolean}; let {state,compact=false}:Props=$props();
4:  let busy=$state(false);let actionMessage=$state<string|null>(null);let actionError=$state<string|null>(null);
                   ^
5:  function valueText(value:StateValue|null|undefined):string{if(!value)return 'Not established';switch(value.kind){case'boolean':return value.value?'Yes':'No';case'quantity':return `${value.available}${value.total_capacity!=null?` of ${value.total_capacity}`:''} ${value.unit}`;case'duration':return value.label??`${Math.round(value.seconds/60)} min`;case'range':return `${value.minimum}–${value.maximum} ${value.unit}`;case'change':return value.summary??(value.changed?'Changed recently':'No material change');case'categorical':return value.value;}}
6:  function statusText(s:string){return ({CURRENT:'Current',VERIFYING:'Verification in progress',DISPUTED:'Conflicting reports',STALE:'Needs refresh',INFERRED:'Inferred — not independently verified',UNKNOWN:'Not established'} as Record<string,string>)[s]??s}
15:55:42 [vite-plugin-svelte] C:/Users/dicks/Downloads/uwac-mine/uwaci-pipe4-production-reference-v1.0/uwaci-pipe4-production-reference-v1.0/apps/web/src/lib/components/StateCard.svelte:4:42 It looks like you're using the `$state` rune, but there is a local binding called `state`. Referencing a local variable with a `$` prefix will create a store subscription. Please rename `state` to avoid the ambiguity
https://svelte.dev/e/store_rune_conflict
2:  import type { CurrentStatePresentation,StateValue } from '$lib/types/pipe4';
3:  type Props={state:CurrentStatePresentation;compact?:boolean}; let {state,compact=false}:Props=$props();
4:  let busy=$state(false);let actionMessage=$state<string|null>(null);let actionError=$state<string|null>(null);
                                                   ^
5:  function valueText(value:StateValue|null|undefined):string{if(!value)return 'Not established';switch(value.kind){case'boolean':return value.value?'Yes':'No';case'quantity':return `${value.available}${value.total_capacity!=null?` of ${value.total_capacity}`:''} ${value.unit}`;case'duration':return value.label??`${Math.round(value.seconds/60)} min`;case'range':return `${value.minimum}–${value.maximum} ${value.unit}`;case'change':return value.summary??(value.changed?'Changed recently':'No material change');case'categorical':return value.value;}}
6:  function statusText(s:string){return ({CURRENT:'Current',VERIFYING:'Verification in progress',DISPUTED:'Conflicting reports',STALE:'Needs refresh',INFERRED:'Inferred — not independently verified',UNKNOWN:'Not established'} as Record<string,string>)[s]??s}
15:55:42 [vite-plugin-svelte] C:/Users/dicks/Downloads/uwac-mine/uwaci-pipe4-production-reference-v1.0/uwaci-pipe4-production-reference-v1.0/apps/web/src/lib/components/StateCard.svelte:4:84 It looks like you're using the `$state` rune, but there is a local binding called `state`. Referencing a local variable with a `$` prefix will create a store subscription. Please rename `state` to avoid the ambiguity
https://svelte.dev/e/store_rune_conflict
2:  import type { CurrentStatePresentation,StateValue } from '$lib/types/pipe4';
3:  type Props={state:CurrentStatePresentation;compact?:boolean}; let {state,compact=false}:Props=$props();
4:  let busy=$state(false);let actionMessage=$state<string|null>(null);let actionError=$state<string|null>(null);
                                                                                             ^
5:  function valueText(value:StateValue|null|undefined):string{if(!value)return 'Not established';switch(value.kind){case'boolean':return value.value?'Yes':'No';case'quantity':return `${value.available}${value.total_capacity!=null?` of ${value.total_capacity}`:''} ${value.unit}`;case'duration':return value.label??`${Math.round(value.seconds/60)} min`;case'range':return `${value.minimum}–${value.maximum} ${value.unit}`;case'change':return value.summary??(value.changed?'Changed recently':'No material change');case'categorical':return value.value;}}
6:  function statusText(s:string){return ({CURRENT:'Current',VERIFYING:'Verification in progress',DISPUTED:'Conflicting reports',STALE:'Needs refresh',INFERRED:'Inferred — not independently verified',UNKNOWN:'Not established'} as Record<string,string>)[s]??s}
15:55:42 [vite-plugin-svelte] src/lib/components/StateCard.svelte:4:5 `busy` is updated, but is not declared with `$state(...)`. Changing its value will not correctly trigger updates
https://svelte.dev/e/non_reactive_update
2:  import type { CurrentStatePresentation,StateValue } from '$lib/types/pipe4';
3:  type Props={state:CurrentStatePresentation;compact?:boolean}; let {state,compact=false}:Props=$props();
4:  let busy=$state(false);let actionMessage=$state<string|null>(null);let actionError=$state<string|null>(null);
            ^
5:  function valueText(value:StateValue|null|undefined):string{if(!value)return 'Not established';switch(value.kind){case'boolean':return value.value?'Yes':'No';case'quantity':return `${value.available}${value.total_capacity!=null?` of ${value.total_capacity}`:''} ${value.unit}`;case'duration':return value.label??`${Math.round(value.seconds/60)} min`;case'range':return `${value.minimum}–${value.maximum} ${value.unit}`;case'change':return value.summary??(value.changed?'Changed recently':'No material change');case'categorical':return value.value;}}
6:  function statusText(s:string){return ({CURRENT:'Current',VERIFYING:'Verification in progress',DISPUTED:'Conflicting reports',STALE:'Needs refresh',INFERRED:'Inferred — not independently verified',UNKNOWN:'Not established'} as Record<string,string>)[s]??s}
15:55:42 [vite-plugin-svelte] src/lib/components/StateCard.svelte:4:28 `actionMessage` is updated, but is not declared with `$state(...)`. Changing its value will not correctly trigger updates
https://svelte.dev/e/non_reactive_update
2:  import type { CurrentStatePresentation,StateValue } from '$lib/types/pipe4';
3:  type Props={state:CurrentStatePresentation;compact?:boolean}; let {state,compact=false}:Props=$props();
4:  let busy=$state(false);let actionMessage=$state<string|null>(null);let actionError=$state<string|null>(null);
                                            ^
5:  function valueText(value:StateValue|null|undefined):string{if(!value)return 'Not established';switch(value.kind){case'boolean':return value.value?'Yes':'No';case'quantity':return `${value.available}${value.total_capacity!=null?` of ${value.total_capacity}`:''} ${value.unit}`;case'duration':return value.label??`${Math.round(value.seconds/60)} min`;case'range':return `${value.minimum}–${value.maximum} ${value.unit}`;case'change':return value.summary??(value.changed?'Changed recently':'No material change');case'categorical':return value.value;}}
6:  function statusText(s:string){return ({CURRENT:'Current',VERIFYING:'Verification in progress',DISPUTED:'Conflicting reports',STALE:'Needs refresh',INFERRED:'Inferred — not independently verified',UNKNOWN:'Not established'} as Record<string,string>)[s]??s}
15:55:42 [vite-plugin-svelte] src/lib/components/StateCard.svelte:4:72 `actionError` is updated, but is not declared with `$state(...)`. Changing its value will not correctly trigger updates
https://svelte.dev/e/non_reactive_update
2:  import type { CurrentStatePresentation,StateValue } from '$lib/types/pipe4';
3:  type Props={state:CurrentStatePresentation;compact?:boolean}; let {state,compact=false}:Props=$props();
4:  let busy=$state(false);let actionMessage=$state<string|null>(null);let actionError=$state<string|null>(null);
                                                                                      ^
5:  function valueText(value:StateValue|null|undefined):string{if(!value)return 'Not established';switch(value.kind){case'boolean':return value.value?'Yes':'No';case'quantity':return `${value.available}${value.total_capacity!=null?` of ${value.total_capacity}`:''} ${value.unit}`;case'duration':return value.label??`${Math.round(value.seconds/60)} min`;case'range':return `${value.minimum}–${value.maximum} ${value.unit}`;case'change':return value.summary??(value.changed?'Changed recently':'No material change');case'categorical':return value.value;}}
6:  function statusText(s:string){return ({CURRENT:'Current',VERIFYING:'Verification in progress',DISPUTED:'Conflicting reports',STALE:'Needs refresh',INFERRED:'Inferred — not independently verified',UNKNOWN:'Not established'} as Record<string,string>)[s]??s}
✓ 173 modules transformed.
rendering chunks...
[36mvite v8.2.2 [32mbuilding client environment for production...[36m[39m
transforming...
15:55:47 [vite-plugin-svelte] C:/Users/dicks/Downloads/uwac-mine/uwaci-pipe4-production-reference-v1.0/uwaci-pipe4-production-reference-v1.0/apps/web/src/lib/components/StateCard.svelte:4:10 It looks like you're using the `$state` rune, but there is a local binding called `state`. Referencing a local variable with a `$` prefix will create a store subscription. Please rename `state` to avoid the ambiguity
https://svelte.dev/e/store_rune_conflict
2:  import type { CurrentStatePresentation,StateValue } from '$lib/types/pipe4';
3:  type Props={state:CurrentStatePresentation;compact?:boolean}; let {state,compact=false}:Props=$props();
4:  let busy=$state(false);let actionMessage=$state<string|null>(null);let actionError=$state<string|null>(null);
                   ^
5:  function valueText(value:StateValue|null|undefined):string{if(!value)return 'Not established';switch(value.kind){case'boolean':return value.value?'Yes':'No';case'quantity':return `${value.available}${value.total_capacity!=null?` of ${value.total_capacity}`:''} ${value.unit}`;case'duration':return value.label??`${Math.round(value.seconds/60)} min`;case'range':return `${value.minimum}–${value.maximum} ${value.unit}`;case'change':return value.summary??(value.changed?'Changed recently':'No material change');case'categorical':return value.value;}}
6:  function statusText(s:string){return ({CURRENT:'Current',VERIFYING:'Verification in progress',DISPUTED:'Conflicting reports',STALE:'Needs refresh',INFERRED:'Inferred — not independently verified',UNKNOWN:'Not established'} as Record<string,string>)[s]??s}
15:55:47 [vite-plugin-svelte] C:/Users/dicks/Downloads/uwac-mine/uwaci-pipe4-production-reference-v1.0/uwaci-pipe4-production-reference-v1.0/apps/web/src/lib/components/StateCard.svelte:4:42 It looks like you're using the `$state` rune, but there is a local binding called `state`. Referencing a local variable with a `$` prefix will create a store subscription. Please rename `state` to avoid the ambiguity
https://svelte.dev/e/store_rune_conflict
2:  import type { CurrentStatePresentation,StateValue } from '$lib/types/pipe4';
3:  type Props={state:CurrentStatePresentation;compact?:boolean}; let {state,compact=false}:Props=$props();
4:  let busy=$state(false);let actionMessage=$state<string|null>(null);let actionError=$state<string|null>(null);
                                                   ^
5:  function valueText(value:StateValue|null|undefined):string{if(!value)return 'Not established';switch(value.kind){case'boolean':return value.value?'Yes':'No';case'quantity':return `${value.available}${value.total_capacity!=null?` of ${value.total_capacity}`:''} ${value.unit}`;case'duration':return value.label??`${Math.round(value.seconds/60)} min`;case'range':return `${value.minimum}–${value.maximum} ${value.unit}`;case'change':return value.summary??(value.changed?'Changed recently':'No material change');case'categorical':return value.value;}}
6:  function statusText(s:string){return ({CURRENT:'Current',VERIFYING:'Verification in progress',DISPUTED:'Conflicting reports',STALE:'Needs refresh',INFERRED:'Inferred — not independently verified',UNKNOWN:'Not established'} as Record<string,string>)[s]??s}
15:55:47 [vite-plugin-svelte] C:/Users/dicks/Downloads/uwac-mine/uwaci-pipe4-production-reference-v1.0/uwaci-pipe4-production-reference-v1.0/apps/web/src/lib/components/StateCard.svelte:4:84 It looks like you're using the `$state` rune, but there is a local binding called `state`. Referencing a local variable with a `$` prefix will create a store subscription. Please rename `state` to avoid the ambiguity
https://svelte.dev/e/store_rune_conflict
2:  import type { CurrentStatePresentation,StateValue } from '$lib/types/pipe4';
3:  type Props={state:CurrentStatePresentation;compact?:boolean}; let {state,compact=false}:Props=$props();
4:  let busy=$state(false);let actionMessage=$state<string|null>(null);let actionError=$state<string|null>(null);
                                                                                             ^
5:  function valueText(value:StateValue|null|undefined):string{if(!value)return 'Not established';switch(value.kind){case'boolean':return value.value?'Yes':'No';case'quantity':return `${value.available}${value.total_capacity!=null?` of ${value.total_capacity}`:''} ${value.unit}`;case'duration':return value.label??`${Math.round(value.seconds/60)} min`;case'range':return `${value.minimum}–${value.maximum} ${value.unit}`;case'change':return value.summary??(value.changed?'Changed recently':'No material change');case'categorical':return value.value;}}
6:  function statusText(s:string){return ({CURRENT:'Current',VERIFYING:'Verification in progress',DISPUTED:'Conflicting reports',STALE:'Needs refresh',INFERRED:'Inferred — not independently verified',UNKNOWN:'Not established'} as Record<string,string>)[s]??s}
15:55:47 [vite-plugin-svelte] src/lib/components/StateCard.svelte:4:5 `busy` is updated, but is not declared with `$state(...)`. Changing its value will not correctly trigger updates
https://svelte.dev/e/non_reactive_update
2:  import type { CurrentStatePresentation,StateValue } from '$lib/types/pipe4';
3:  type Props={state:CurrentStatePresentation;compact?:boolean}; let {state,compact=false}:Props=$props();
4:  let busy=$state(false);let actionMessage=$state<string|null>(null);let actionError=$state<string|null>(null);
            ^
5:  function valueText(value:StateValue|null|undefined):string{if(!value)return 'Not established';switch(value.kind){case'boolean':return value.value?'Yes':'No';case'quantity':return `${value.available}${value.total_capacity!=null?` of ${value.total_capacity}`:''} ${value.unit}`;case'duration':return value.label??`${Math.round(value.seconds/60)} min`;case'range':return `${value.minimum}–${value.maximum} ${value.unit}`;case'change':return value.summary??(value.changed?'Changed recently':'No material change');case'categorical':return value.value;}}
6:  function statusText(s:string){return ({CURRENT:'Current',VERIFYING:'Verification in progress',DISPUTED:'Conflicting reports',STALE:'Needs refresh',INFERRED:'Inferred — not independently verified',UNKNOWN:'Not established'} as Record<string,string>)[s]??s}
15:55:47 [vite-plugin-svelte] src/lib/components/StateCard.svelte:4:28 `actionMessage` is updated, but is not declared with `$state(...)`. Changing its value will not correctly trigger updates
https://svelte.dev/e/non_reactive_update
2:  import type { CurrentStatePresentation,StateValue } from '$lib/types/pipe4';
3:  type Props={state:CurrentStatePresentation;compact?:boolean}; let {state,compact=false}:Props=$props();
4:  let busy=$state(false);let actionMessage=$state<string|null>(null);let actionError=$state<string|null>(null);
                                            ^
5:  function valueText(value:StateValue|null|undefined):string{if(!value)return 'Not established';switch(value.kind){case'boolean':return value.value?'Yes':'No';case'quantity':return `${value.available}${value.total_capacity!=null?` of ${value.total_capacity}`:''} ${value.unit}`;case'duration':return value.label??`${Math.round(value.seconds/60)} min`;case'range':return `${value.minimum}–${value.maximum} ${value.unit}`;case'change':return value.summary??(value.changed?'Changed recently':'No material change');case'categorical':return value.value;}}
6:  function statusText(s:string){return ({CURRENT:'Current',VERIFYING:'Verification in progress',DISPUTED:'Conflicting reports',STALE:'Needs refresh',INFERRED:'Inferred — not independently verified',UNKNOWN:'Not established'} as Record<string,string>)[s]??s}
15:55:47 [vite-plugin-svelte] src/lib/components/StateCard.svelte:4:72 `actionError` is updated, but is not declared with `$state(...)`. Changing its value will not correctly trigger updates
https://svelte.dev/e/non_reactive_update
2:  import type { CurrentStatePresentation,StateValue } from '$lib/types/pipe4';
3:  type Props={state:CurrentStatePresentation;compact?:boolean}; let {state,compact=false}:Props=$props();
4:  let busy=$state(false);let actionMessage=$state<string|null>(null);let actionError=$state<string|null>(null);
                                                                                      ^
5:  function valueText(value:StateValue|null|undefined):string{if(!value)return 'Not established';switch(value.kind){case'boolean':return value.value?'Yes':'No';case'quantity':return `${value.available}${value.total_capacity!=null?` of ${value.total_capacity}`:''} ${value.unit}`;case'duration':return value.label??`${Math.round(value.seconds/60)} min`;case'range':return `${value.minimum}–${value.maximum} ${value.unit}`;case'change':return value.summary??(value.changed?'Changed recently':'No material change');case'categorical':return value.value;}}
6:  function statusText(s:string){return ({CURRENT:'Current',VERIFYING:'Verification in progress',DISPUTED:'Conflicting reports',STALE:'Needs refresh',INFERRED:'Inferred — not independently verified',UNKNOWN:'Not established'} as Record<string,string>)[s]??s}
✓ 259 modules transformed.
rendering chunks...
computing gzip size...
.svelte-kit/output/client/_app/version.json                        0.02 kB │ gzip:  0.04 kB
.svelte-kit/output/client/.vite/manifest.json                      5.73 kB │ gzip:  0.78 kB
.svelte-kit/output/client/_app/immutable/assets/0.SNmmdmgy.css     5.16 kB │ gzip:  1.69 kB
.svelte-kit/output/client/_app/immutable/chunks/DWVa7Pw5.js        0.02 kB │ gzip:  0.04 kB
.svelte-kit/output/client/_app/immutable/chunks/xihTtKlq.js        0.06 kB │ gzip:  0.08 kB
.svelte-kit/output/client/_app/immutable/entry/start.Bc6DIfmo.js   0.08 kB │ gzip:  0.09 kB
.svelte-kit/output/client/_app/immutable/chunks/Djx4jh5M.js        0.29 kB │ gzip:  0.16 kB
.svelte-kit/output/client/_app/immutable/nodes/1.Zwy1kl2h.js       0.35 kB │ gzip:  0.25 kB
.svelte-kit/output/client/_app/immutable/nodes/5.5drwVyQ3.js       0.67 kB │ gzip:  0.43 kB
.svelte-kit/output/client/_app/immutable/nodes/4.CyUNykPe.js       0.68 kB │ gzip:  0.40 kB
.svelte-kit/output/client/_app/immutable/nodes/6.do5q3yni.js       0.69 kB │ gzip:  0.45 kB
.svelte-kit/output/client/_app/immutable/nodes/0.CzPZtJW8.js       0.90 kB │ gzip:  0.56 kB
.svelte-kit/output/client/_app/immutable/nodes/8.aWNTICad.js       1.33 kB │ gzip:  0.73 kB
.svelte-kit/output/client/_app/immutable/chunks/Bjy-W4x2.js        1.36 kB │ gzip:  0.65 kB
.svelte-kit/output/client/_app/immutable/nodes/3.C7TmJR3l.js       1.64 kB │ gzip:  0.84 kB
.svelte-kit/output/client/_app/immutable/nodes/10.BXpNTQ9W.js      2.49 kB │ gzip:  1.22 kB
.svelte-kit/output/client/_app/immutable/nodes/2.CdYW-iRO.js       2.65 kB │ gzip:  1.45 kB
.svelte-kit/output/client/_app/immutable/nodes/7.DK-bqAkn.js       2.84 kB │ gzip:  1.38 kB
.svelte-kit/output/client/_app/immutable/chunks/D7ZmmCpV.js        4.29 kB │ gzip:  1.98 kB
.svelte-kit/output/client/_app/immutable/entry/app.Ba7XeMh7.js     5.10 kB │ gzip:  2.14 kB
.svelte-kit/output/client/_app/immutable/chunks/CFqjjkeD.js       35.37 kB │ gzip: 13.27 kB
.svelte-kit/output/client/_app/immutable/chunks/DTj_28WL.js       45.85 kB │ gzip: 17.60 kB
.svelte-kit/output/client/_app/immutable/nodes/9.f9JNTiWq.js      80.13 kB │ gzip: 22.16 kB

[32m✓ built in 1.03s[39m
computing gzip size...
.svelte-kit/output/server/.vite/manifest.json                                    8.41 kB │ gzip:  1.02 kB
.svelte-kit/output/server/_app/immutable/assets/_layout.SNmmdmgy.css             5.16 kB │ gzip:  1.69 kB
.svelte-kit/output/server/chunks/navigation.js                                   0.03 kB │ gzip:  0.05 kB
.svelte-kit/output/server/env.js                                                 0.22 kB │ gzip:  0.14 kB
.svelte-kit/output/server/chunks/env.js                                          0.28 kB │ gzip:  0.17 kB
.svelte-kit/output/server/entries/pages/developer/events/_page.server.ts.js      0.37 kB │ gzip:  0.26 kB
.svelte-kit/output/server/entries/pages/developer/policies/_page.server.ts.js    0.37 kB │ gzip:  0.26 kB
.svelte-kit/output/server/entries/fallbacks/error.svelte.js                      0.42 kB │ gzip:  0.26 kB
.svelte-kit/output/server/entries/pages/following/_page.server.ts.js             0.44 kB │ gzip:  0.29 kB
.svelte-kit/output/server/internal.js                                            0.45 kB │ gzip:  0.21 kB
.svelte-kit/output/server/entries/pages/access/_page.server.ts.js                0.46 kB │ gzip:  0.29 kB
.svelte-kit/output/server/entries/hooks.server.js                                0.47 kB │ gzip:  0.27 kB
.svelte-kit/output/server/entries/pages/requests/_page.server.ts.js              0.47 kB │ gzip:  0.30 kB
.svelte-kit/output/server/chunks/shared-server.js                                0.60 kB │ gzip:  0.26 kB
.svelte-kit/output/server/entries/pages/developer/_page.svelte.js                0.70 kB │ gzip:  0.40 kB
.svelte-kit/output/server/entries/pages/_page.server.ts.js                       0.72 kB │ gzip:  0.40 kB
.svelte-kit/output/server/entries/pages/developer/events/_page.svelte.js         0.73 kB │ gzip:  0.41 kB
.svelte-kit/output/server/chunks/internal2.js                                    0.74 kB │ gzip:  0.34 kB
.svelte-kit/output/server/entries/pages/developer/policies/_page.svelte.js       0.75 kB │ gzip:  0.43 kB
.svelte-kit/output/server/entries/pages/nearby/_page.server.ts.js                0.75 kB │ gzip:  0.40 kB
.svelte-kit/output/server/chunks/client2.js                                      0.97 kB │ gzip:  0.54 kB
.svelte-kit/output/server/entries/pages/_layout.svelte.js                        1.27 kB │ gzip:  0.62 kB
.svelte-kit/output/server/entries/pages/nearby/_page.svelte.js                   1.59 kB │ gzip:  0.74 kB
.svelte-kit/output/server/chunks/client.js                                       1.80 kB │ gzip:  0.75 kB
.svelte-kit/output/server/entries/pages/access/_page.svelte.js                   1.84 kB │ gzip:  0.77 kB
.svelte-kit/output/server/entries/endpoints/api/v1/_...path_/_server.ts.js       1.91 kB │ gzip:  0.96 kB
.svelte-kit/output/server/entries/pages/report/_page.svelte.js                   2.11 kB │ gzip:  0.95 kB
.svelte-kit/output/server/entries/pages/requests/_page.svelte.js                 2.31 kB │ gzip:  0.89 kB
.svelte-kit/output/server/chunks/state.js                                        2.42 kB │ gzip:  1.03 kB
.svelte-kit/output/server/entries/pages/following/_page.svelte.js                2.70 kB │ gzip:  1.06 kB
.svelte-kit/output/server/entries/pages/_page.svelte.js                          3.12 kB │ gzip:  1.30 kB
.svelte-kit/output/server/chunks/StateCard.js                                    3.78 kB │ gzip:  1.36 kB
.svelte-kit/output/server/chunks/pipe4.js                                        5.23 kB │ gzip:  1.39 kB
.svelte-kit/output/server/chunks/exports.js                                      9.01 kB │ gzip:  2.96 kB
.svelte-kit/output/server/chunks/shared.js                                      10.57 kB │ gzip:  3.38 kB
.svelte-kit/output/server/chunks/utils.js                                       31.76 kB │ gzip:  9.35 kB
.svelte-kit/output/server/chunks/internal.js                                    39.72 kB │ gzip: 11.43 kB
.svelte-kit/output/server/remote-entry.js                                       54.49 kB │ gzip: 12.02 kB
.svelte-kit/output/server/chunks/server.js                                     120.16 kB │ gzip: 31.43 kB
.svelte-kit/output/server/index.js                                             126.09 kB │ gzip: 31.93 kB

[32m✓ built in 9.95s[39m

Run npm run preview to preview your production build locally.

> Using @sveltejs/adapter-node
  ✔ done
[33m[33m[PLUGIN_TIMINGS] [0mPlugin hooks ran for 14.3s. The build took 9.9s. Hooks such as `closeBundle` run after the build ends, so hook time can be more than build time.
The slowest hooks, timed inside each callback (the wait before a callback starts is excluded, the time it awaits is included):
  - vite-plugin-sveltekit-compile writeBundle (88%, 8.7s, 1 call)
  - vite-plugin-sveltekit-compile closeBundle (46%, 4.6s, 1 call)
Additional hook time came from the hooks below and from hooks under 1s.
1 hook is listed without a time. Its calls overlapped, so the time inside one call includes work from other calls. To find its cost, profile the build with `node --cpu-prof`:
  - vite-plugin-sveltekit-guard resolveId (671 calls)
See https://rolldown.rs/reference/InputOptions.checks#plugintimings for more details.
[39m
